../Core/Src/main.c:79:6:send_usb_message	16	static
../Core/Src/main.c:90:5:main	128	static
../Core/Src/main.c:174:6:SystemClock_Config	88	static
../Core/Src/main.c:220:13:MX_ADC1_Init	24	static
../Core/Src/main.c:272:13:MX_ADC2_Init	24	static
../Core/Src/main.c:324:13:MX_I2C1_Init	8	static
../Core/Src/main.c:358:13:MX_SPI1_Init	8	static
../Core/Src/main.c:396:13:MX_TIM1_Init	96	static
../Core/Src/main.c:479:13:MX_GPIO_Init	48	static
../Core/Src/main.c:523:6:Error_Handler	4	static,ignoring_inline_asm
